Git command

download git 

#create folder under that create another folder
1} mkdir Part-A
2} cd Part-A
3} git --version


#create Repository
# create new file file.txt
name,clss, sub,description
save it
 
PS C:\Users\DELL\Desktop\github> mkdir Part-A


    Directory: C:\Users\DELL\Desktop\github


Mode                 LastWriteTime         Length Name
----                 -------------         ------ ----
d-----        29-05-2023     02:28                Part-A


PS C:\Users\DELL\Desktop\github> cd Part-A
PS C:\Users\DELL\Desktop\github\Part-A> git --version
git version 2.40.0.windows.1
PS C:\Users\DELL\Desktop\github\Part-A> git init
Initialized empty Git repository in C:/Users/DELL/Desktop/github/Part-A/.git/
PS C:\Users\DELL\Desktop\github\Part-A> 
PS C:\Users\DELL\Desktop\github\Part-A> git add .
PS C:\Users\DELL\Desktop\github\Part-A> git status
On branch master

No commits yet

Changes to be committed:
  (use "git rm --cached <file>..." to unstage)
        new file:   file1.txt

PS C:\Users\DELL\Desktop\github\Part-A> git remote add origin "https://github.com/snehalbarveM/gitcommand.git"
PS C:\Users\DELL\Desktop\github\Part-A> git commit -m "First Commit"
[master (root-commit) fa2d5b3] First Commit
 1 file changed, 4 insertions(+)
 create mode 100644 file1.txt
PS C:\Users\DELL\Desktop\github\Part-A> git status
On branch master
nothing to commit, working tree clean
PS C:\Users\DELL\Desktop\github\Part-A> git push -u origin master
Enumerating objects: 3, done.
Counting objects: 100% (3/3), done.
Delta compression using up to 8 threads
Compressing objects: 100% (2/2), done.
Writing objects: 100% (3/3), 279 bytes | 279.00 KiB/s, done.
Total 3 (delta 0), reused 0 (delta 0), pack-reused 0
To https://github.com/snehalbarveM/gitcommand.git
 * [new branch]      master -> master
branch 'master' set up to track 'origin/master'.
PS C:\Users\DELL\Desktop\github\Part-A> git status
On branch master
Your branch is up to date with 'origin/master'.

nothing to commit, working tree clean
PS C:\Users\DELL\Desktop\github\Part-A> git add .
PS C:\Users\DELL\Desktop\github\Part-A> git status
On branch master
Your branch is up to date with 'origin/master'.

nothing to commit, working tree clean
PS C:\Users\DELL\Desktop\github\Part-A> git add .
PS C:\Users\DELL\Desktop\github\Part-A> git status
On branch master
Your branch is up to date with 'origin/master'.

Changes to be committed:
  (use "git restore --staged <file>..." to unstage)
        modified:   file1.txt

PS C:\Users\DELL\Desktop\github\Part-A> git commit -m "Second Commit"
[master f880466] Second Commit
 1 file changed, 1 insertion(+), 1 deletion(-)
PS C:\Users\DELL\Desktop\github\Part-A> git push -u origin master
Enumerating objects: 5, done.
Counting objects: 100% (5/5), done.
Delta compression using up to 8 threads
Compressing objects: 100% (2/2), done.
Writing objects: 100% (3/3), 268 bytes | 268.00 KiB/s, done.
Total 3 (delta 1), reused 0 (delta 0), pack-reused 0
remote: Resolving deltas: 100% (1/1), completed with 1 local object.
To https://github.com/snehalbarveM/gitcommand.git
   fa2d5b3..f880466  master -> master
branch 'master' set up to track 'origin/master'.
PS C:\Users\DELL\Desktop\github\Part-A> 